****************************************
Report : qor
Design : top
Version: U-2022.12-SP6
Date   : Sun Jun  1 00:33:46 2025
****************************************



Cell Count
----------------------------------------
Hierarchical Cell Count:              0
Hierarchical Port Count:              0
Leaf Cell Count:                     33
Buf/Inv Cell Count:                   0
Buf Cell Count:                       0
Inv Cell Count:                       0
Combinational Cell Count:            33
   Single-bit Isolation Cell Count:                        0
   Multi-bit Isolation Cell Count:                         0
   Isolation Cell Banking Ratio:                           0.00%
   Single-bit Level Shifter Cell Count:                    0
   Multi-bit Level Shifter Cell Count:                     0
   Level Shifter Cell Banking Ratio:                       0.00%
   Single-bit ELS Cell Count:                              0
   Multi-bit ELS Cell Count:                               0
   ELS Cell Banking Ratio:                                 0.00%
Sequential Cell Count:                0
   Integrated Clock-Gating Cell Count:                     0
   Sequential Macro Cell Count:                            0
   Single-bit Sequential Cell Count:                       0
   Multi-bit Sequential Cell Count:                        0
   Sequential Cell Banking Ratio:                          0.00%
   BitsPerflop:                                            0.00
Macro Count:                          0
----------------------------------------


Area
----------------------------------------
Combinational Area:              123.20
Noncombinational Area:             0.00
Buf/Inv Area:                      0.00
Total Buffer Area:                 0.00
Total Inverter Area:               0.00
Macro/Black Box Area:              0.00
Net Area:                             0
Net XLength:                     355.03
Net YLength:                     284.33
----------------------------------------
Cell Area (netlist):                            123.20
Cell Area (netlist and physical only):          123.20
Net Length:                      639.35


Design Rules
----------------------------------------
Total Number of Nets:                47
Nets with Violations:                 0
Max Trans Violations:                 0
Max Cap Violations:                   0
----------------------------------------

1
