Information: Corner cornerFF: no PVT mismatches. (PVT-032)
Information: Corner cornerSS: no PVT mismatches. (PVT-032)
Warning: No valid clocks available in mode 'mode1'. Setting clock frequency to 1 GHz. (POW-034)
****************************************
Report : power
        -significant_digits 2
Design : top
Version: U-2022.12-SP6
Date   : Sun Jun  1 00:33:46 2025
****************************************
Information: Activity propagation will be performed for scenario scenarioFF.
Information: Doing activity propagation for mode 'mode1' and corner 'cornerFF' with effort level 'medium'. (POW-024)
Information: Timer-derived activity data is cached on scenario scenarioFF (POW-052)
Warning: No valid clocks available in mode 'mode1'. Setting clock frequency to 1 GHz. (POW-034)
Infomation: Fast mode activity propagation power.rtl_activity_annotation setup is ignored. Always use accurate mode.
Information: Running switching activity propagation in scalar mode!

 **** Information : No. of simulation cycles = 6 ****
Information: Propagated activity on scenario scenarioSS identical to that on scenarioFF (POW-006)
Information: The stitching and editing of coupling caps is turned OFF for design 'top_lib:top/auto_floorplan.design'. (TIM-125)
Information: Design Average RC for design top  (NEX-011)
Information: r = 0.821209 ohm/um, via_r = 1.815407 ohm/cut, c = 0.112231 ff/um, cc = 0.000000 ff/um (X dir) (NEX-017)
Information: r = 0.821852 ohm/um, via_r = 1.815407 ohm/cut, c = 0.132885 ff/um, cc = 0.000000 ff/um (Y dir) (NEX-017)
Information: The RC mode used is VR for design 'top'. (NEX-022)
Information: Update timing completed net estimation for all the timing graph nets (TIM-111)
Information: Net estimation statistics: timing graph nets = 45, routed nets = 0, across physical hierarchy nets = 0, parasitics cached nets = 45, delay annotated nets = 0, parasitics annotated nets = 0, multi-voltage nets = 0. (TIM-112)
************************************************************
Timer Settings:
Delay Calculation Style:                   auto
Signal Integrity Analysis:                 disabled
Timing Window Analysis:                    disabled
Advanced Waveform Propagation:             disabled
Variation Type:                            fixed_derate
Clock Reconvergence Pessimism Removal:     disabled
Advanced Receiver Model:                   disabled
ML Acceleration:                           off
************************************************************
Mode: mode1
Corner: cornerFF
Scenario: scenarioFF
Voltage: 1.32
Temperature: 125.00

Voltage Unit         : 1V
Capacitance Unit     : 1pF
Time Unit            : 1ns
Temperature Unit     : 1C
Dynamic Power Unit   : 1nW
Leakage Power Unit   : 1nW
Warning: No valid clocks available in mode 'mode1'. Setting clock frequency to 1 GHz. (POW-034)

Switched supply net power scaling:
scaling for leakage power

Supply nets:
VDD (power) probability 1.00 (default)
VSS (ground) probability 1.00 (default)
Warning: Power table extrapolation (extrapolation mode) for port ZN on cell ctmi_295 for parameter Tinp. Lowest table value = 0.004000, highest table value = 0.331200, value = 0.000477 (POW-046)
Warning: Power table extrapolation (extrapolation mode) for port ZN on cell ctmi_300 for parameter Tinp. Lowest table value = 0.004000, highest table value = 0.331200, value = 0.000324 (POW-046)
Warning: Power table extrapolation (extrapolation mode) for port ZN on cell ctmi_301 for parameter Tinp. Lowest table value = 0.004000, highest table value = 0.331200, value = 0.000305 (POW-046)
Warning: Power table extrapolation (extrapolation mode) for port ZN on cell ctmi_302 for parameter Tinp. Lowest table value = 0.004000, highest table value = 0.331200, value = 0.000229 (POW-046)
Warning: Power table extrapolation (extrapolation mode) for port ZN on cell ctmi_303 for parameter Tinp. Lowest table value = 0.004000, highest table value = 0.331200, value = 0.000381 (POW-046)
Warning: Power table extrapolation (extrapolation mode) for port ZN on cell ctmi_304 for parameter Tinp. Lowest table value = 0.004000, highest table value = 0.331200, value = 0.000210 (POW-046)
Warning: Power table extrapolation (extrapolation mode) for port ZN on cell ctmi_306 for parameter Tinp. Lowest table value = 0.004000, highest table value = 0.331200, value = 0.000343 (POW-046)
Warning: Power table extrapolation (extrapolation mode) for port ZN on cell ctmi_308 for parameter Tinp. Lowest table value = 0.004000, highest table value = 0.331200, value = 0.000343 (POW-046)
Warning: Power table extrapolation (extrapolation mode) for port Z on cell ctmi_310 for parameter Tinp. Lowest table value = 0.004000, highest table value = 0.331200, value = 0.000153 (POW-046)
Warning: Power table extrapolation (extrapolation mode) for port ZN on cell ctmi_311 for parameter Tinp. Lowest table value = 0.004000, highest table value = 0.331200, value = 0.000477 (POW-046)
Note - message 'POW-046' limit (10) exceeded. Remainder will be suppressed.

  Cell Internal Power    = 4.21e+04 nW ( 60.4%)
  Net Switching Power    = 2.76e+04 nW ( 39.6%)
Total Dynamic Power      = 6.97e+04 nW (100.0%)

Cell Leakage Power       = 3.39e+03 nW


  Attributes
  ----------
      u  -  User defined power group

Power Group         Internal Power        Switching Power          Leakage Power            Total Power    (   %  )    Attrs
-----------------------------------------------------------------------------------------------------------------------------
io_pad                    0.00e+00               0.00e+00               0.00e+00               0.00e+00    (  0.0%)         
memory                    0.00e+00               0.00e+00               0.00e+00               0.00e+00    (  0.0%)         
black_box                 0.00e+00               0.00e+00               0.00e+00               0.00e+00    (  0.0%)         
clock_network             0.00e+00               0.00e+00               0.00e+00               0.00e+00    (  0.0%)         
register                  0.00e+00               0.00e+00               0.00e+00               0.00e+00    (  0.0%)         
sequential                0.00e+00               0.00e+00               0.00e+00               0.00e+00    (  0.0%)         
combinational             4.21e+04               2.76e+04               3.39e+03               7.31e+04    (100.0%)         
-----------------------------------------------------------------------------------------------------------------------------
Total                     4.21e+04 nW            2.76e+04 nW            3.39e+03 nW            7.31e+04 nW
Mode: mode1
Corner: cornerSS
Scenario: scenarioSS
Voltage: 1.08
Temperature: 125.00

Voltage Unit         : 1V
Capacitance Unit     : 1pF
Time Unit            : 1ns
Temperature Unit     : 1C
Dynamic Power Unit   : 1nW
Leakage Power Unit   : 1nW
Warning: No valid clocks available in mode 'mode1'. Setting clock frequency to 1 GHz. (POW-034)

Switched supply net power scaling:
scaling for leakage power

Supply nets:
VDD (power) probability 1.00 (default)
VSS (ground) probability 1.00 (default)

  Cell Internal Power    = 2.50e+04 nW ( 58.3%)
  Net Switching Power    = 1.79e+04 nW ( 41.7%)
Total Dynamic Power      = 4.29e+04 nW (100.0%)

Cell Leakage Power       = 3.77e+01 nW


  Attributes
  ----------
      u  -  User defined power group

Power Group         Internal Power        Switching Power          Leakage Power            Total Power    (   %  )    Attrs
-----------------------------------------------------------------------------------------------------------------------------
io_pad                    0.00e+00               0.00e+00               0.00e+00               0.00e+00    (  0.0%)         
memory                    0.00e+00               0.00e+00               0.00e+00               0.00e+00    (  0.0%)         
black_box                 0.00e+00               0.00e+00               0.00e+00               0.00e+00    (  0.0%)         
clock_network             0.00e+00               0.00e+00               0.00e+00               0.00e+00    (  0.0%)         
register                  0.00e+00               0.00e+00               0.00e+00               0.00e+00    (  0.0%)         
sequential                0.00e+00               0.00e+00               0.00e+00               0.00e+00    (  0.0%)         
combinational             2.50e+04               1.79e+04               3.77e+01               4.30e+04    (100.0%)         
-----------------------------------------------------------------------------------------------------------------------------
Total                     2.50e+04 nW            1.79e+04 nW            3.77e+01 nW            4.30e+04 nW
1
