Information: Corner cornerFF: no PVT mismatches. (PVT-032)
Information: Corner cornerSS: no PVT mismatches. (PVT-032)
****************************************
Report : power
        -significant_digits 2
Design : top
Version: U-2022.12-SP6
Date   : Thu Jun  5 15:06:26 2025
****************************************
Information: Activity propagation will be performed for scenario scenarioFF.
Information: Doing activity propagation for mode 'mode1' and corner 'cornerFF' with effort level 'medium'. (POW-024)
Information: Timer-derived activity data is cached on scenario scenarioFF (POW-052)
Infomation: Fast mode activity propagation power.rtl_activity_annotation setup is ignored. Always use accurate mode.
Information: Running switching activity propagation in scalar mode!

 **** Information : No. of simulation cycles = 7 ****
Information: Propagated activity on scenario scenarioSS identical to that on scenarioFF (POW-006)
Information: The stitching and editing of coupling caps is turned OFF for design 'top_lib:top/auto_floorplan.design'. (TIM-125)
Information: Design Average RC for design top  (NEX-011)
Information: r = 0.842293 ohm/um, via_r = 1.815407 ohm/cut, c = 0.126927 ff/um, cc = 0.000000 ff/um (X dir) (NEX-017)
Information: r = 0.857214 ohm/um, via_r = 1.815407 ohm/cut, c = 0.148808 ff/um, cc = 0.000000 ff/um (Y dir) (NEX-017)
Information: The RC mode used is VR for design 'top'. (NEX-022)
Information: Update timing completed net estimation for all the timing graph nets (TIM-111)
Information: Net estimation statistics: timing graph nets = 635, routed nets = 0, across physical hierarchy nets = 0, parasitics cached nets = 635, delay annotated nets = 0, parasitics annotated nets = 0, multi-voltage nets = 0. (TIM-112)
************************************************************
Timer Settings:
Delay Calculation Style:                   auto
Signal Integrity Analysis:                 disabled
Timing Window Analysis:                    disabled
Advanced Waveform Propagation:             disabled
Variation Type:                            fixed_derate
Clock Reconvergence Pessimism Removal:     disabled
Advanced Receiver Model:                   disabled
ML Acceleration:                           off
************************************************************
Mode: mode1
Corner: cornerFF
Scenario: scenarioFF
Voltage: 1.32
Temperature: 125.00

Voltage Unit         : 1V
Capacitance Unit     : 1pF
Time Unit            : 1ns
Temperature Unit     : 1C
Dynamic Power Unit   : 1nW
Leakage Power Unit   : 1nW

Switched supply net power scaling:
scaling for leakage power

Supply nets:
VDD (power) probability 1.00 (default)
VSS (ground) probability 1.00 (default)
Warning: Power table extrapolation (extrapolation mode) for port ZN on cell counter_and_parity/ctmi_902 for parameter Tinp. Lowest table value = 0.004000, highest table value = 0.331200, value = 0.419579 (POW-046)
Warning: Power table extrapolation (extrapolation mode) for port CDN on cell counter_and_parity/count_reg_reg[29] for parameter Tinp. Lowest table value = 0.004000, highest table value = 0.331200, value = 1.360474 (POW-046)
Warning: Power table extrapolation (extrapolation mode) for port CDN on cell counter_and_parity/count_reg_reg[28] for parameter Tinp. Lowest table value = 0.004000, highest table value = 0.331200, value = 1.360474 (POW-046)
Warning: Power table extrapolation (extrapolation mode) for port Q on cell counter_and_parity/count_reg_reg[28] for parameter Tinp. Lowest table value = 0.004000, highest table value = 0.331200, value = 0.932293 (POW-046)
Warning: Power table extrapolation (extrapolation mode) for port QN on cell counter_and_parity/count_reg_reg[28] for parameter Tinp. Lowest table value = 0.004000, highest table value = 0.331200, value = 0.932293 (POW-046)
Warning: Power table extrapolation (extrapolation mode) for port CDN on cell counter_and_parity/count_reg_reg[27] for parameter Tinp. Lowest table value = 0.004000, highest table value = 0.331200, value = 1.360474 (POW-046)
Warning: Power table extrapolation (extrapolation mode) for port CDN on cell counter_and_parity/count_reg_reg[26] for parameter Tinp. Lowest table value = 0.004000, highest table value = 0.331200, value = 1.361256 (POW-046)
Warning: Power table extrapolation (extrapolation mode) for port Q on cell counter_and_parity/count_reg_reg[26] for parameter Tinp. Lowest table value = 0.004000, highest table value = 0.331200, value = 0.931301 (POW-046)
Warning: Power table extrapolation (extrapolation mode) for port QN on cell counter_and_parity/count_reg_reg[26] for parameter Tinp. Lowest table value = 0.004000, highest table value = 0.331200, value = 0.931301 (POW-046)
Warning: Power table extrapolation (extrapolation mode) for port CDN on cell counter_and_parity/count_reg_reg[25] for parameter Tinp. Lowest table value = 0.004000, highest table value = 0.331200, value = 1.359196 (POW-046)
Note - message 'POW-046' limit (10) exceeded. Remainder will be suppressed.

  Cell Internal Power    = 9.57e+04 nW ( 88.6%)
  Net Switching Power    = 1.23e+04 nW ( 11.4%)
Total Dynamic Power      = 1.08e+05 nW (100.0%)

Cell Leakage Power       = 7.20e+04 nW


  Attributes
  ----------
      u  -  User defined power group
      i  -  Includes clock pin internal power

Power Group         Internal Power        Switching Power          Leakage Power            Total Power    (   %  )    Attrs
-----------------------------------------------------------------------------------------------------------------------------
io_pad                    0.00e+00               0.00e+00               0.00e+00               0.00e+00    (  0.0%)         
memory                    0.00e+00               0.00e+00               0.00e+00               0.00e+00    (  0.0%)         
black_box                 0.00e+00               0.00e+00               0.00e+00               0.00e+00    (  0.0%)         
clock_network             8.84e+04               3.41e+03               1.06e+03               9.29e+04    ( 51.6%)        i
register                  4.99e+03               1.71e+03               3.60e+04               4.27e+04    ( 23.7%)         
sequential                0.00e+00               0.00e+00               0.00e+00               0.00e+00    (  0.0%)         
combinational             2.34e+03               7.18e+03               3.50e+04               4.45e+04    ( 24.7%)         
-----------------------------------------------------------------------------------------------------------------------------
Total                     9.57e+04 nW            1.23e+04 nW            7.20e+04 nW            1.80e+05 nW
Mode: mode1
Corner: cornerSS
Scenario: scenarioSS
Voltage: 1.08
Temperature: 125.00

Voltage Unit         : 1V
Capacitance Unit     : 1pF
Time Unit            : 1ns
Temperature Unit     : 1C
Dynamic Power Unit   : 1nW
Leakage Power Unit   : 1nW

Switched supply net power scaling:
scaling for leakage power

Supply nets:
VDD (power) probability 1.00 (default)
VSS (ground) probability 1.00 (default)

  Cell Internal Power    = 4.91e+04 nW ( 85.7%)
  Net Switching Power    = 8.18e+03 nW ( 14.3%)
Total Dynamic Power      = 5.73e+04 nW (100.0%)

Cell Leakage Power       = 8.17e+02 nW


  Attributes
  ----------
      u  -  User defined power group
      i  -  Includes clock pin internal power

Power Group         Internal Power        Switching Power          Leakage Power            Total Power    (   %  )    Attrs
-----------------------------------------------------------------------------------------------------------------------------
io_pad                    0.00e+00               0.00e+00               0.00e+00               0.00e+00    (  0.0%)         
memory                    0.00e+00               0.00e+00               0.00e+00               0.00e+00    (  0.0%)         
black_box                 0.00e+00               0.00e+00               0.00e+00               0.00e+00    (  0.0%)         
clock_network             4.53e+04               2.29e+03               1.35e+01               4.76e+04    ( 81.8%)        i
register                  2.68e+03               1.11e+03               4.17e+02               4.21e+03    (  7.2%)         
sequential                0.00e+00               0.00e+00               0.00e+00               0.00e+00    (  0.0%)         
combinational             1.18e+03               4.77e+03               3.87e+02               6.34e+03    ( 10.9%)         
-----------------------------------------------------------------------------------------------------------------------------
Total                     4.91e+04 nW            8.18e+03 nW            8.17e+02 nW            5.81e+04 nW
1
