Information: Corner cornerFF: no PVT mismatches. (PVT-032)
Information: Corner cornerSS: no PVT mismatches. (PVT-032)
****************************************
Report : power
        -significant_digits 2
Design : top
Version: U-2022.12-SP6
Date   : Tue Jun  3 18:34:39 2025
****************************************
Information: Activity propagation will be performed for scenario scenarioSS.
Information: Doing activity propagation for mode 'mode1' and corner 'cornerSS' with effort level 'medium'. (POW-024)
Information: Timer-derived activity data is cached on scenario scenarioSS (POW-052)
Infomation: Fast mode activity propagation power.rtl_activity_annotation setup is ignored. Always use accurate mode.
Information: Running switching activity propagation in scalar mode!

 **** Information : No. of simulation cycles = 6 ****
Information: Propagated activity on scenario scenarioFF identical to that on scenarioSS (POW-006)
Information: The stitching and editing of coupling caps is turned OFF for design 'top_lib:top/auto_floorplan.design'. (TIM-125)
Information: Design Average RC for design top  (NEX-011)
Information: r = 0.821209 ohm/um, via_r = 1.815407 ohm/cut, c = 0.112231 ff/um, cc = 0.000000 ff/um (X dir) (NEX-017)
Information: r = 0.821852 ohm/um, via_r = 1.815407 ohm/cut, c = 0.132885 ff/um, cc = 0.000000 ff/um (Y dir) (NEX-017)
Information: The RC mode used is VR for design 'top'. (NEX-022)
Information: Update timing completed net estimation for all the timing graph nets (TIM-111)
Information: Net estimation statistics: timing graph nets = 41, routed nets = 0, across physical hierarchy nets = 0, parasitics cached nets = 41, delay annotated nets = 0, parasitics annotated nets = 0, multi-voltage nets = 0. (TIM-112)
************************************************************
Timer Settings:
Delay Calculation Style:                   auto
Signal Integrity Analysis:                 disabled
Timing Window Analysis:                    disabled
Advanced Waveform Propagation:             disabled
Variation Type:                            fixed_derate
Clock Reconvergence Pessimism Removal:     disabled
Advanced Receiver Model:                   disabled
ML Acceleration:                           off
************************************************************
Mode: mode1
Corner: cornerFF
Scenario: scenarioFF
Voltage: 1.32
Temperature: 125.00

Voltage Unit         : 1V
Capacitance Unit     : 1pF
Time Unit            : 1ns
Temperature Unit     : 1C
Dynamic Power Unit   : 1nW
Leakage Power Unit   : 1nW

Switched supply net power scaling:
scaling for leakage power

Supply nets:
VDD (power) probability 1.00 (default)
VSS (ground) probability 1.00 (default)
Warning: Power table extrapolation (extrapolation mode) for port Z on cell ctmi_114 for parameter Tinp. Lowest table value = 0.004000, highest table value = 0.331200, value = 0.000267 (POW-046)
Warning: Power table extrapolation (extrapolation mode) for port Z on cell ctmi_101 for parameter Tinp. Lowest table value = 0.004000, highest table value = 0.331200, value = 0.000038 (POW-046)
Warning: Power table extrapolation (extrapolation mode) for port Z on cell ctmi_106 for parameter Tinp. Lowest table value = 0.004000, highest table value = 0.331200, value = 0.000057 (POW-046)
Warning: Power table extrapolation (extrapolation mode) for port CDN on cell reg_data_reg[6] for parameter Tinp. Lowest table value = 0.004000, highest table value = 0.331200, value = 0.000744 (POW-046)
Warning: Power table extrapolation (extrapolation mode) for port Q on cell reg_data_reg[6] for parameter Tinp. Lowest table value = 0.004000, highest table value = 0.331200, value = 0.000725 (POW-046)
Warning: Power table extrapolation (extrapolation mode) for port CDN on cell reg_data_reg[5] for parameter Tinp. Lowest table value = 0.004000, highest table value = 0.331200, value = 0.000820 (POW-046)
Warning: Power table extrapolation (extrapolation mode) for port Q on cell reg_data_reg[5] for parameter Tinp. Lowest table value = 0.004000, highest table value = 0.331200, value = 0.000801 (POW-046)
Warning: Power table extrapolation (extrapolation mode) for port CDN on cell reg_data_reg[4] for parameter Tinp. Lowest table value = 0.004000, highest table value = 0.331200, value = 0.000992 (POW-046)
Warning: Power table extrapolation (extrapolation mode) for port Q on cell reg_data_reg[4] for parameter Tinp. Lowest table value = 0.004000, highest table value = 0.331200, value = 0.000973 (POW-046)
Warning: Power table extrapolation (extrapolation mode) for port CDN on cell reg_data_reg[3] for parameter Tinp. Lowest table value = 0.004000, highest table value = 0.331200, value = 0.001087 (POW-046)
Note - message 'POW-046' limit (10) exceeded. Remainder will be suppressed.

  Cell Internal Power    = 1.11e+04 nW ( 85.7%)
  Net Switching Power    = 1.84e+03 nW ( 14.3%)
Total Dynamic Power      = 1.29e+04 nW (100.0%)

Cell Leakage Power       = 3.16e+03 nW


  Attributes
  ----------
      u  -  User defined power group
      i  -  Includes clock pin internal power

Power Group         Internal Power        Switching Power          Leakage Power            Total Power    (   %  )    Attrs
-----------------------------------------------------------------------------------------------------------------------------
io_pad                    0.00e+00               0.00e+00               0.00e+00               0.00e+00    (  0.0%)         
memory                    0.00e+00               0.00e+00               0.00e+00               0.00e+00    (  0.0%)         
black_box                 0.00e+00               0.00e+00               0.00e+00               0.00e+00    (  0.0%)         
clock_network             9.15e+03               8.68e+02               2.15e+02               1.02e+04    ( 63.7%)        i
register                  1.13e+03               2.30e+02               1.89e+03               3.25e+03    ( 20.2%)         
sequential                0.00e+00               0.00e+00               0.00e+00               0.00e+00    (  0.0%)         
combinational             7.96e+02               7.41e+02               1.06e+03               2.60e+03    ( 16.1%)         
-----------------------------------------------------------------------------------------------------------------------------
Total                     1.11e+04 nW            1.84e+03 nW            3.16e+03 nW            1.61e+04 nW
Mode: mode1
Corner: cornerSS
Scenario: scenarioSS
Voltage: 1.08
Temperature: 125.00

Voltage Unit         : 1V
Capacitance Unit     : 1pF
Time Unit            : 1ns
Temperature Unit     : 1C
Dynamic Power Unit   : 1nW
Leakage Power Unit   : 1nW

Switched supply net power scaling:
scaling for leakage power

Supply nets:
VDD (power) probability 1.00 (default)
VSS (ground) probability 1.00 (default)

  Cell Internal Power    = 5.72e+03 nW ( 82.6%)
  Net Switching Power    = 1.20e+03 nW ( 17.4%)
Total Dynamic Power      = 6.92e+03 nW (100.0%)

Cell Leakage Power       = 3.54e+01 nW


  Attributes
  ----------
      u  -  User defined power group
      i  -  Includes clock pin internal power

Power Group         Internal Power        Switching Power          Leakage Power            Total Power    (   %  )    Attrs
-----------------------------------------------------------------------------------------------------------------------------
io_pad                    0.00e+00               0.00e+00               0.00e+00               0.00e+00    (  0.0%)         
memory                    0.00e+00               0.00e+00               0.00e+00               0.00e+00    (  0.0%)         
black_box                 0.00e+00               0.00e+00               0.00e+00               0.00e+00    (  0.0%)         
clock_network             4.62e+03               5.64e+02               2.73e+00               5.19e+03    ( 74.5%)        i
register                  6.37e+02               1.54e+02               2.08e+01               8.12e+02    ( 11.7%)         
sequential                0.00e+00               0.00e+00               0.00e+00               0.00e+00    (  0.0%)         
combinational             4.65e+02               4.86e+02               1.18e+01               9.63e+02    ( 13.8%)         
-----------------------------------------------------------------------------------------------------------------------------
Total                     5.72e+03 nW            1.20e+03 nW            3.54e+01 nW            6.96e+03 nW
1
