****************************************
Report : design
Design : top
Version: U-2022.12-SP6
Date   : Mon Jun  9 18:05:01 2025
****************************************

Total number of std cells in library : 896
Total number of dont_use lib cells   : 76
Total number of dont_touch lib cells : 71
Total number of buffers              : 44
Total number of inverters            : 35
Total number of flip-flops           : 249
Total number of latches              : 84
Total number of ICGs                 : 20

Cell Instance Type  Count         Area
--------------------------------------
TOTAL LEAF CELLS      767     2839.200
unit                  767     2839.200
Standard cells        767     2839.200
unit                  767     2839.200
Hard macro cells        0        0.000
unit                  767     2839.200
Soft macro cells        0        0.000
unit                  767     2839.200
Always on cells         0        0.000
unit                  767     2839.200
Physical only           0        0.000
unit                  767     2839.200
Fixed cells             0        0.000
unit                  767     2839.200
Moveable cells        767     2839.200
unit                  767     2839.200
Placed cells          767     2839.200
unit                  767     2839.200
Sequential            100     1144.000
unit                  767     2839.200
Buffer/inverter        41       50.400
unit                  767     2839.200
ICG cells               4       30.400
unit                  767     2839.200

Logic Hierarchies                    : 7
Design Masters count                 : 22
Total Flat nets count                : 775
Total FloatingNets count             : 3
Total no of Ports                    : 37
Number of Master Clocks in design    : 1
Number of Generated Clocks in design : 0
Number of Path Groups in design      : 7 (1 of them Non Default)
Number of Scan Chains in design      : 0
List of Modes                        : mode1
List of Corners                      : cornerSS, cornerFF
List of Scenarios                    : scenarioFF, scenarioSS

Core Area                            : 5648.800
Chip Area                            : 9116.800
Total Site Row Area                  : 5648.800
Number of Blockages                  : 0
Total area of Blockages              : 0.000
Number of Power Domains              : 1
Number of Voltage Areas              : 1
Number of Group Bounds               : 0
Number of Exclusive MoveBounds       : 0
Number of Hard or Soft MoveBounds    : 0
Number of Multibit Registers         : 0
Number of Multibit LS/ISO Cells      : 0
Number of Top Level RP Groups        : 0
Number of Tech Layers                : 37 (27 of them have unknown routing dir.)

Total wire length                    : 0.00 micron
Total number of wires                : 0
Total number of contacts             : 0
1
