Warning: Scenario scenarioSS is not configured for hold analysis: skipping. (UIC-058)
****************************************
Report : timing
        -path_type full
        -delay_type min
        -max_paths 1
        -report_by design
Design : top
Version: U-2022.12-SP6
Date   : Sun May 25 02:35:43 2025
****************************************

  Startpoint: p1_reg[0] (rising edge-triggered flip-flop clocked by SYS_CLK)
  Endpoint: p1_reg[0] (rising edge-triggered flip-flop clocked by SYS_CLK)
  Mode: mode1
  Corner: cornerFF
  Scenario: scenarioFF
  Path Group: SYS_CLK
  Path Type: min

  Point                                            Incr      Path  
  ------------------------------------------------------------------------
  clock SYS_CLK (rise edge)                        0.00      0.00
  clock network delay (propagated)                 0.09      0.09

  p1_reg[0]/CP (SDFCNQD0HPBWP)                     0.00      0.09 r
  p1_reg[0]/Q (SDFCNQD0HPBWP)                      0.13      0.21 r
  ctmi_180/ZN (IOA22D0HPBWP)                       0.06      0.27 r
  ctmi_179/ZN (AOI221D0HPBWP)                      0.03      0.30 f
  p1_reg[0]/D (SDFCNQD0HPBWP)                      0.00      0.30 f
  data arrival time                                          0.30

  clock SYS_CLK (rise edge)                        0.00      0.00
  clock network delay (propagated)                 0.09      0.09
  p1_reg[0]/CP (SDFCNQD0HPBWP)                     0.00      0.09 r
  library hold time                                0.00      0.09
  data required time                                         0.09
  ------------------------------------------------------------------------
  data required time                                         0.09
  data arrival time                                         -0.30
  ------------------------------------------------------------------------
  slack (MET)                                                0.22


1
