Information: Corner cornerFF: no PVT mismatches. (PVT-032)
Information: Corner cornerSS: no PVT mismatches. (PVT-032)
****************************************
Report : power
        -significant_digits 2
Design : top
Version: U-2022.12-SP6
Date   : Thu May 29 22:30:24 2025
****************************************
Information: Activity propagation will be performed for scenario scenarioSS.
Information: Doing activity propagation for mode 'mode1' and corner 'cornerSS' with effort level 'medium'. (POW-024)
Information: Timer-derived activity data is cached on scenario scenarioSS (POW-052)
Infomation: Fast mode activity propagation power.rtl_activity_annotation setup is ignored. Always use accurate mode.
Information: Running switching activity propagation in scalar mode!

 **** Information : No. of simulation cycles = 6 ****
Information: Propagated activity on scenario scenarioFF identical to that on scenarioSS (POW-006)
Information: The stitching and editing of coupling caps is turned OFF for design 'top_lib:top/auto_floorplan.design'. (TIM-125)
Information: Design Average RC for design top  (NEX-011)
Information: r = 0.826468 ohm/um, via_r = 1.815407 ohm/cut, c = 0.116825 ff/um, cc = 0.000000 ff/um (X dir) (NEX-017)
Information: r = 0.835421 ohm/um, via_r = 1.815407 ohm/cut, c = 0.138832 ff/um, cc = 0.000000 ff/um (Y dir) (NEX-017)
Information: The RC mode used is VR for design 'top'. (NEX-022)
Information: Update timing completed net estimation for all the timing graph nets (TIM-111)
Information: Net estimation statistics: timing graph nets = 99, routed nets = 0, across physical hierarchy nets = 0, parasitics cached nets = 99, delay annotated nets = 0, parasitics annotated nets = 0, multi-voltage nets = 0. (TIM-112)
************************************************************
Timer Settings:
Delay Calculation Style:                   auto
Signal Integrity Analysis:                 disabled
Timing Window Analysis:                    disabled
Advanced Waveform Propagation:             disabled
Variation Type:                            fixed_derate
Clock Reconvergence Pessimism Removal:     disabled
Advanced Receiver Model:                   disabled
ML Acceleration:                           off
************************************************************
Mode: mode1
Corner: cornerFF
Scenario: scenarioFF
Voltage: 1.32
Temperature: 125.00

Voltage Unit         : 1V
Capacitance Unit     : 1pF
Time Unit            : 1ns
Temperature Unit     : 1C
Dynamic Power Unit   : 1nW
Leakage Power Unit   : 1nW

Switched supply net power scaling:
scaling for leakage power

Supply nets:
VDD (power) probability 1.00 (default)
VSS (ground) probability 1.00 (default)
Warning: Power table extrapolation (extrapolation mode) for port D on cell counter_and_parity/enable_last_reg for parameter Tinp. Lowest table value = 0.004000, highest table value = 0.331200, value = 0.000763 (POW-046)
Warning: Power table extrapolation (extrapolation mode) for port ZN on cell counter_and_parity/phfnr_buf_57 for parameter Tinp. Lowest table value = 0.004000, highest table value = 0.331200, value = 0.000648 (POW-046)
Warning: Power table extrapolation (extrapolation mode) for port Z on cell counter_and_parity/ctmi_114 for parameter Tinp. Lowest table value = 0.004000, highest table value = 0.331200, value = 0.000668 (POW-046)
Warning: Power table extrapolation (extrapolation mode) for port ZN on cell counter_and_parity/phfnr_buf_56 for parameter Tinp. Lowest table value = 0.004000, highest table value = 0.331200, value = 0.000458 (POW-046)
Warning: Power table extrapolation (extrapolation mode) for port ZN on cell counter_and_parity/ctmi_111 for parameter Tinp. Lowest table value = 0.004000, highest table value = 0.331200, value = 0.000477 (POW-046)
Warning: Power table extrapolation (extrapolation mode) for port ZN on cell syndrome_inst/ctmi_85 for parameter Tinp. Lowest table value = 0.004000, highest table value = 0.331200, value = 0.000420 (POW-046)
Warning: Power table extrapolation (extrapolation mode) for port ZN on cell syndrome_inst/phfnr_buf_60 for parameter Tinp. Lowest table value = 0.004000, highest table value = 0.331200, value = 0.000172 (POW-046)
Warning: Power table extrapolation (extrapolation mode) for port ZN on cell syndrome_inst/ctmi_68 for parameter Tinp. Lowest table value = 0.004000, highest table value = 0.331200, value = 0.000725 (POW-046)

  Cell Internal Power    = 2.71e+04 nW ( 88.3%)
  Net Switching Power    = 3.58e+03 nW ( 11.7%)
Total Dynamic Power      = 3.07e+04 nW (100.0%)

Cell Leakage Power       = 1.08e+04 nW


  Attributes
  ----------
      u  -  User defined power group
      i  -  Includes clock pin internal power

Power Group         Internal Power        Switching Power          Leakage Power            Total Power    (   %  )    Attrs
-----------------------------------------------------------------------------------------------------------------------------
io_pad                    0.00e+00               0.00e+00               0.00e+00               0.00e+00    (  0.0%)         
memory                    0.00e+00               0.00e+00               0.00e+00               0.00e+00    (  0.0%)         
black_box                 0.00e+00               0.00e+00               0.00e+00               0.00e+00    (  0.0%)         
clock_network             2.31e+04               6.35e+02               1.06e+03               2.47e+04    ( 59.8%)        i
register                  2.10e+03               1.15e+03               4.91e+03               8.16e+03    ( 19.7%)         
sequential                2.57e+02               3.85e+01               5.94e+02               8.89e+02    (  2.1%)         
combinational             1.66e+03               1.76e+03               4.19e+03               7.62e+03    ( 18.4%)         
-----------------------------------------------------------------------------------------------------------------------------
Total                     2.71e+04 nW            3.58e+03 nW            1.08e+04 nW            4.14e+04 nW
Mode: mode1
Corner: cornerSS
Scenario: scenarioSS
Voltage: 1.08
Temperature: 125.00

Voltage Unit         : 1V
Capacitance Unit     : 1pF
Time Unit            : 1ns
Temperature Unit     : 1C
Dynamic Power Unit   : 1nW
Leakage Power Unit   : 1nW

Switched supply net power scaling:
scaling for leakage power

Supply nets:
VDD (power) probability 1.00 (default)
VSS (ground) probability 1.00 (default)

  Cell Internal Power    = 1.36e+04 nW ( 85.3%)
  Net Switching Power    = 2.36e+03 nW ( 14.7%)
Total Dynamic Power      = 1.60e+04 nW (100.0%)

Cell Leakage Power       = 1.22e+02 nW


  Attributes
  ----------
      u  -  User defined power group
      i  -  Includes clock pin internal power

Power Group         Internal Power        Switching Power          Leakage Power            Total Power    (   %  )    Attrs
-----------------------------------------------------------------------------------------------------------------------------
io_pad                    0.00e+00               0.00e+00               0.00e+00               0.00e+00    (  0.0%)         
memory                    0.00e+00               0.00e+00               0.00e+00               0.00e+00    (  0.0%)         
black_box                 0.00e+00               0.00e+00               0.00e+00               0.00e+00    (  0.0%)         
clock_network             1.14e+04               4.26e+02               1.35e+01               1.19e+04    ( 73.5%)        i
register                  1.18e+03               7.55e+02               5.55e+01               1.99e+03    ( 12.3%)         
sequential                1.41e+02               2.45e+01               7.37e+00               1.73e+02    (  1.1%)         
combinational             9.05e+02               1.15e+03               4.57e+01               2.10e+03    ( 13.1%)         
-----------------------------------------------------------------------------------------------------------------------------
Total                     1.36e+04 nW            2.36e+03 nW            1.22e+02 nW            1.61e+04 nW
1
