Warning: Scenario scenarioFF is not configured for setup analysis: skipping. (UIC-058)
****************************************
Report : timing
        -path_type full
        -delay_type max
        -max_paths 1
        -report_by design
Design : top
Version: U-2022.12-SP6
Date   : Sun May 25 01:12:00 2025
****************************************

  Startpoint: load (input port clocked by SYS_CLK)
  Endpoint: p2_reg[0] (rising edge-triggered flip-flop clocked by SYS_CLK)
  Mode: mode1
  Corner: cornerSS
  Scenario: scenarioSS
  Path Group: **in2reg_default**
  Path Type: max

  Point                                            Incr      Path  
  ------------------------------------------------------------------------
  clock SYS_CLK (rise edge)                        0.00      0.00
  clock network delay (propagated)                 0.26      0.26
  input external delay                             0.80      1.06 r
  load (in)                                        0.00      1.06 r
  place_optctmTdsLR_1_81/Z (AN2D1HPBWP)            0.28      1.34 r
  ctmi_29/Z (OR2D0HPBWP)                           0.47      1.81 r
  ctmi_689/ZN (OAI22D0HPBWP)                       0.21      2.03 f
  ctmi_688/ZN (AOI221D0HPBWP)                      0.49      2.52 r
  ctmi_37/Z (XOR3D0HPBWP)                          0.42      2.94 f
  ctmi_686/ZN (OAI22D0HPBWP)                       0.10      3.04 r
  p2_reg[0]/D (SDFCNQD0HPBWP)                      0.00      3.04 r
  data arrival time                                          3.04

  clock SYS_CLK (rise edge)                       10.00     10.00
  clock network delay (propagated)                 0.27     10.27
  p2_reg[0]/CP (SDFCNQD0HPBWP)                     0.00     10.27 r
  clock uncertainty                               -0.30      9.97
  library setup time                              -0.09      9.88
  data required time                                         9.88
  ------------------------------------------------------------------------
  data required time                                         9.88
  data arrival time                                         -3.04
  ------------------------------------------------------------------------
  slack (MET)                                                6.84


1
