Information: Deserialized np data
INFO: timer data loaded from /tmp/top_3228068_603675008.timdat
Information: Freeing timing information from routing. (ZRT-574)
****************************************
Report : power
        -significant_digits 2
Design : top
Version: U-2022.12-SP6
Date   : Sun May 25 01:07:47 2025
****************************************
Information: Activity for scenario scenarioFF was cached, no propagation required. (POW-005)
Information: Activity for scenario scenarioSS was cached, no propagation required. (POW-005)
Mode: mode1
Corner: cornerFF
Scenario: scenarioFF
Voltage: 1.32
Temperature: 125.00

Voltage Unit         : 1V
Capacitance Unit     : 1pF
Time Unit            : 1ns
Temperature Unit     : 1C
Dynamic Power Unit   : 1nW
Leakage Power Unit   : 1nW

Switched supply net power scaling:
scaling for leakage power

Supply nets:
VDD (power) probability 1.00 (default)
VSS (ground) probability 1.00 (default)
Warning: Power table extrapolation (extrapolation mode) for port ZN on cell ctmi_656 for parameter Tinp. Lowest table value = 0.004000, highest table value = 0.331200, value = 0.002651 (POW-046)
Warning: Power table extrapolation (extrapolation mode) for port ZN on cell phfnr_buf_118 for parameter Tinp. Lowest table value = 0.004000, highest table value = 0.331200, value = 0.000267 (POW-046)
Warning: Power table extrapolation (extrapolation mode) for port ZN on cell ctmi_658 for parameter Tinp. Lowest table value = 0.004000, highest table value = 0.331200, value = 0.341187 (POW-046)
Warning: Power table extrapolation (extrapolation mode) for port CDN on cell p1_reg[3] for parameter Tinp. Lowest table value = 0.004000, highest table value = 0.331200, value = 0.002918 (POW-046)
Warning: Power table extrapolation (extrapolation mode) for port Q on cell p1_reg[3] for parameter Tinp. Lowest table value = 0.004000, highest table value = 0.331200, value = 0.002918 (POW-046)
Warning: Power table extrapolation (extrapolation mode) for port ZN on cell ctmi_693 for parameter Tinp. Lowest table value = 0.004000, highest table value = 0.331200, value = 0.003281 (POW-046)
Warning: Power table extrapolation (extrapolation mode) for port Z on cell ctmi_707 for parameter Tinp. Lowest table value = 0.004000, highest table value = 0.331200, value = 0.002670 (POW-046)
Warning: Power table extrapolation (extrapolation mode) for port ZN on cell place_optHFSINV_1560_130 for parameter Tinp. Lowest table value = 0.004000, highest table value = 0.331200, value = 0.002651 (POW-046)
Warning: Power table extrapolation (extrapolation mode) for port ZN on cell phfnr_buf_117 for parameter Tinp. Lowest table value = 0.004000, highest table value = 0.331200, value = 0.000095 (POW-046)
Warning: Power table extrapolation (extrapolation mode) for port ZN on cell ctmi_613 for parameter Tinp. Lowest table value = 0.004000, highest table value = 0.331200, value = 0.000248 (POW-046)
Note - message 'POW-046' limit (10) exceeded. Remainder will be suppressed.

  Cell Internal Power    = 3.58e+04 nW ( 70.1%)
  Net Switching Power    = 1.53e+04 nW ( 29.9%)
Total Dynamic Power      = 5.10e+04 nW (100.0%)

Cell Leakage Power       = 2.03e+04 nW


  Attributes
  ----------
      u  -  User defined power group
      i  -  Includes clock pin internal power

Power Group         Internal Power        Switching Power          Leakage Power            Total Power    (   %  )    Attrs
-----------------------------------------------------------------------------------------------------------------------------
io_pad                    0.00e+00               0.00e+00               0.00e+00               0.00e+00    (  0.0%)         
memory                    0.00e+00               0.00e+00               0.00e+00               0.00e+00    (  0.0%)         
black_box                 0.00e+00               0.00e+00               1.08e+01               1.08e+01    (  0.0%)         
clock_network             2.78e+04               7.84e+03               3.49e+02               3.60e+04    ( 50.4%)        i
register                  3.70e+03               1.64e+03               7.33e+03               1.27e+04    ( 17.7%)         
sequential                0.00e+00               0.00e+00               0.00e+00               0.00e+00    (  0.0%)         
combinational             4.29e+03               5.78e+03               1.27e+04               2.27e+04    ( 31.8%)         
-----------------------------------------------------------------------------------------------------------------------------
Total                     3.58e+04 nW            1.53e+04 nW            2.03e+04 nW            7.14e+04 nW
Mode: mode1
Corner: cornerSS
Scenario: scenarioSS
Voltage: 1.08
Temperature: 125.00

Voltage Unit         : 1V
Capacitance Unit     : 1pF
Time Unit            : 1ns
Temperature Unit     : 1C
Dynamic Power Unit   : 1nW
Leakage Power Unit   : 1nW

Switched supply net power scaling:
scaling for leakage power

Supply nets:
VDD (power) probability 1.00 (default)
VSS (ground) probability 1.00 (default)

  Cell Internal Power    = 2.00e+04 nW ( 65.8%)
  Net Switching Power    = 1.04e+04 nW ( 34.2%)
Total Dynamic Power      = 3.04e+04 nW (100.0%)

Cell Leakage Power       = 2.22e+02 nW


  Attributes
  ----------
      u  -  User defined power group
      i  -  Includes clock pin internal power

Power Group         Internal Power        Switching Power          Leakage Power            Total Power    (   %  )    Attrs
-----------------------------------------------------------------------------------------------------------------------------
io_pad                    0.00e+00               0.00e+00               0.00e+00               0.00e+00    (  0.0%)         
memory                    0.00e+00               0.00e+00               0.00e+00               0.00e+00    (  0.0%)         
black_box                 0.00e+00               0.00e+00               6.06e-01               6.06e-01    (  0.0%)         
clock_network             1.55e+04               5.43e+03               4.64e+00               2.10e+04    ( 68.5%)        i
register                  2.15e+03               1.10e+03               8.26e+01               3.33e+03    ( 10.9%)         
sequential                0.00e+00               0.00e+00               0.00e+00               0.00e+00    (  0.0%)         
combinational             2.30e+03               3.88e+03               1.34e+02               6.32e+03    ( 20.6%)         
-----------------------------------------------------------------------------------------------------------------------------
Total                     2.00e+04 nW            1.04e+04 nW            2.22e+02 nW            3.06e+04 nW
1
