Warning: Scenario scenarioFF is not configured for setup analysis: skipping. (UIC-058)
****************************************
Report : timing
        -path_type full
        -delay_type max
        -max_paths 1
        -report_by design
Design : top
Version: U-2022.12-SP6
Date   : Sun May 25 00:43:42 2025
****************************************

  Startpoint: reg_data_reg[0] (rising edge-triggered flip-flop clocked by SYS_CLK)
  Endpoint: parallel_out[3] (output port clocked by SYS_CLK)
  Mode: mode1
  Corner: cornerSS
  Scenario: scenarioSS
  Path Group: **reg2out_default**
  Path Type: max

  Point                                            Incr      Path  
  ------------------------------------------------------------------------
  clock SYS_CLK (rise edge)                        0.00      0.00
  clock network delay (propagated)                 0.17      0.17

  reg_data_reg[0]/CP (SDFCND0HPBWP)                0.00      0.17 r
  reg_data_reg[0]/QN (SDFCND0HPBWP)                0.48      0.65 r
  ctmi_254/ZN (OAI22D0HPBWP)                       0.22      0.87 f
  ctmi_268/ZN (IOA22D0HPBWP)                       0.22      1.09 r
  ctmi_267/ZN (MUX2ND0HPBWP)                       0.25      1.33 f
  ctmi_288/ZN (NR2D0HPBWP)                         0.17      1.50 r
  ctmi_287/ZN (CKND2D0HPBWP)                       0.16      1.66 f
  ctmi_286/ZN (MUX2ND0HPBWP)                       0.19      1.85 f
  parallel_out[3] (out)                            0.00      1.85 f
  data arrival time                                          1.85

  clock SYS_CLK (rise edge)                       10.00     10.00
  clock network delay (propagated)                 0.17     10.17
  clock uncertainty                               -0.30      9.87
  output external delay                           -1.00      8.87
  data required time                                         8.87
  ------------------------------------------------------------------------
  data required time                                         8.87
  data arrival time                                         -1.85
  ------------------------------------------------------------------------
  slack (MET)                                                7.01


1
