Information: Deserialized np data
INFO: timer data loaded from /tmp/top_3223156_595803008.timdat
Information: Freeing timing information from routing. (ZRT-574)
****************************************
Report : power
        -significant_digits 2
Design : top
Version: U-2022.12-SP6
Date   : Sun May 25 00:39:16 2025
****************************************
Information: Activity for scenario scenarioFF was cached, no propagation required. (POW-005)
Information: Activity for scenario scenarioSS was cached, no propagation required. (POW-005)
Mode: mode1
Corner: cornerFF
Scenario: scenarioFF
Voltage: 1.32
Temperature: 125.00

Voltage Unit         : 1V
Capacitance Unit     : 1pF
Time Unit            : 1ns
Temperature Unit     : 1C
Dynamic Power Unit   : 1nW
Leakage Power Unit   : 1nW

Switched supply net power scaling:
scaling for leakage power

Supply nets:
VDD (power) probability 1.00 (default)
VSS (ground) probability 1.00 (default)
Warning: Power table extrapolation (extrapolation mode) for port ZN on cell ctmi_272 for parameter Tinp. Lowest table value = 0.004000, highest table value = 0.331200, value = 0.000401 (POW-046)
Warning: Power table extrapolation (extrapolation mode) for port CDN on cell reg_data_reg[7] for parameter Tinp. Lowest table value = 0.004000, highest table value = 0.331200, value = 0.002766 (POW-046)
Warning: Power table extrapolation (extrapolation mode) for port Q on cell reg_data_reg[7] for parameter Tinp. Lowest table value = 0.004000, highest table value = 0.331200, value = 0.002747 (POW-046)
Warning: Power table extrapolation (extrapolation mode) for port QN on cell reg_data_reg[7] for parameter Tinp. Lowest table value = 0.004000, highest table value = 0.331200, value = 0.002747 (POW-046)
Warning: Power table extrapolation (extrapolation mode) for port CDN on cell reg_data_reg[6] for parameter Tinp. Lowest table value = 0.004000, highest table value = 0.331200, value = 0.002937 (POW-046)
Warning: Power table extrapolation (extrapolation mode) for port Q on cell reg_data_reg[6] for parameter Tinp. Lowest table value = 0.004000, highest table value = 0.331200, value = 0.002899 (POW-046)
Warning: Power table extrapolation (extrapolation mode) for port QN on cell reg_data_reg[6] for parameter Tinp. Lowest table value = 0.004000, highest table value = 0.331200, value = 0.002899 (POW-046)
Warning: Power table extrapolation (extrapolation mode) for port CDN on cell p3_reg[0] for parameter Tinp. Lowest table value = 0.004000, highest table value = 0.331200, value = 0.001678 (POW-046)
Warning: Power table extrapolation (extrapolation mode) for port Q on cell p3_reg[0] for parameter Tinp. Lowest table value = 0.004000, highest table value = 0.331200, value = 0.001659 (POW-046)
Warning: Power table extrapolation (extrapolation mode) for port Z on cell ctmi_14 for parameter Tinp. Lowest table value = 0.004000, highest table value = 0.331200, value = 0.000210 (POW-046)
Note - message 'POW-046' limit (10) exceeded. Remainder will be suppressed.

  Cell Internal Power    = 1.89e+04 nW ( 70.9%)
  Net Switching Power    = 7.74e+03 nW ( 29.1%)
Total Dynamic Power      = 2.66e+04 nW (100.0%)

Cell Leakage Power       = 1.05e+04 nW


  Attributes
  ----------
      u  -  User defined power group
      i  -  Includes clock pin internal power

Power Group         Internal Power        Switching Power          Leakage Power            Total Power    (   %  )    Attrs
-----------------------------------------------------------------------------------------------------------------------------
io_pad                    0.00e+00               0.00e+00               0.00e+00               0.00e+00    (  0.0%)         
memory                    0.00e+00               0.00e+00               0.00e+00               0.00e+00    (  0.0%)         
black_box                 0.00e+00               0.00e+00               7.58e+00               7.58e+00    (  0.0%)         
clock_network             1.44e+04               3.65e+03               3.09e+02               1.84e+04    ( 49.5%)        i
register                  2.01e+03               8.47e+02               3.62e+03               6.48e+03    ( 17.5%)         
sequential                0.00e+00               0.00e+00               0.00e+00               0.00e+00    (  0.0%)         
combinational             2.48e+03               3.25e+03               6.53e+03               1.23e+04    ( 33.0%)         
-----------------------------------------------------------------------------------------------------------------------------
Total                     1.89e+04 nW            7.74e+03 nW            1.05e+04 nW            3.71e+04 nW
Mode: mode1
Corner: cornerSS
Scenario: scenarioSS
Voltage: 1.08
Temperature: 125.00

Voltage Unit         : 1V
Capacitance Unit     : 1pF
Time Unit            : 1ns
Temperature Unit     : 1C
Dynamic Power Unit   : 1nW
Leakage Power Unit   : 1nW

Switched supply net power scaling:
scaling for leakage power

Supply nets:
VDD (power) probability 1.00 (default)
VSS (ground) probability 1.00 (default)

  Cell Internal Power    = 1.10e+04 nW ( 67.6%)
  Net Switching Power    = 5.25e+03 nW ( 32.4%)
Total Dynamic Power      = 1.62e+04 nW (100.0%)

Cell Leakage Power       = 1.14e+02 nW


  Attributes
  ----------
      u  -  User defined power group
      i  -  Includes clock pin internal power

Power Group         Internal Power        Switching Power          Leakage Power            Total Power    (   %  )    Attrs
-----------------------------------------------------------------------------------------------------------------------------
io_pad                    0.00e+00               0.00e+00               0.00e+00               0.00e+00    (  0.0%)         
memory                    0.00e+00               0.00e+00               0.00e+00               0.00e+00    (  0.0%)         
black_box                 0.00e+00               0.00e+00               4.26e-01               4.26e-01    (  0.0%)         
clock_network             8.48e+03               2.50e+03               4.10e+00               1.10e+04    ( 67.3%)        i
register                  1.17e+03               5.65e+02               4.07e+01               1.78e+03    ( 10.9%)         
sequential                0.00e+00               0.00e+00               0.00e+00               0.00e+00    (  0.0%)         
combinational             1.32e+03               2.18e+03               6.90e+01               3.57e+03    ( 21.8%)         
-----------------------------------------------------------------------------------------------------------------------------
Total                     1.10e+04 nW            5.25e+03 nW            1.14e+02 nW            1.63e+04 nW
1
