Information: Corner cornerFF: no PVT mismatches. (PVT-032)
Information: Corner cornerSS: no PVT mismatches. (PVT-032)
****************************************
Report : power
        -significant_digits 2
Design : top
Version: U-2022.12-SP6
Date   : Tue Jun  3 21:52:31 2025
****************************************
Information: Activity propagation will be performed for scenario scenarioSS.
Information: Doing activity propagation for mode 'mode1' and corner 'cornerSS' with effort level 'medium'. (POW-024)
Information: Timer-derived activity data is cached on scenario scenarioSS (POW-052)
Infomation: Fast mode activity propagation power.rtl_activity_annotation setup is ignored. Always use accurate mode.
Information: Running switching activity propagation in scalar mode!

 **** Information : No. of simulation cycles = 6 ****
Information: Propagated activity on scenario scenarioFF identical to that on scenarioSS (POW-006)
Information: The stitching and editing of coupling caps is turned OFF for design 'top_lib:top/auto_floorplan.design'. (TIM-125)
Information: Design Average RC for design top  (NEX-011)
Information: r = 0.831736 ohm/um, via_r = 1.815407 ohm/cut, c = 0.117239 ff/um, cc = 0.000000 ff/um (X dir) (NEX-017)
Information: r = 0.824561 ohm/um, via_r = 1.815407 ohm/cut, c = 0.135312 ff/um, cc = 0.000000 ff/um (Y dir) (NEX-017)
Information: The RC mode used is VR for design 'top'. (NEX-022)
Information: Update timing completed net estimation for all the timing graph nets (TIM-111)
Information: Net estimation statistics: timing graph nets = 65, routed nets = 0, across physical hierarchy nets = 0, parasitics cached nets = 65, delay annotated nets = 0, parasitics annotated nets = 0, multi-voltage nets = 0. (TIM-112)
************************************************************
Timer Settings:
Delay Calculation Style:                   auto
Signal Integrity Analysis:                 disabled
Timing Window Analysis:                    disabled
Advanced Waveform Propagation:             disabled
Variation Type:                            fixed_derate
Clock Reconvergence Pessimism Removal:     disabled
Advanced Receiver Model:                   disabled
ML Acceleration:                           off
************************************************************
Mode: mode1
Corner: cornerFF
Scenario: scenarioFF
Voltage: 1.32
Temperature: 125.00

Voltage Unit         : 1V
Capacitance Unit     : 1pF
Time Unit            : 1ns
Temperature Unit     : 1C
Dynamic Power Unit   : 1nW
Leakage Power Unit   : 1nW

Switched supply net power scaling:
scaling for leakage power

Supply nets:
VDD (power) probability 1.00 (default)
VSS (ground) probability 1.00 (default)
Warning: Power table extrapolation (extrapolation mode) for port Z on cell ctmi_202 for parameter Tinp. Lowest table value = 0.004000, highest table value = 0.331200, value = 0.000248 (POW-046)
Warning: Power table extrapolation (extrapolation mode) for port Z on cell ctmi_186 for parameter Tinp. Lowest table value = 0.004000, highest table value = 0.331200, value = 0.000229 (POW-046)
Warning: Power table extrapolation (extrapolation mode) for port Z on cell ctmi_188 for parameter Tinp. Lowest table value = 0.004000, highest table value = 0.331200, value = 0.000210 (POW-046)
Warning: Power table extrapolation (extrapolation mode) for port CDN on cell reg_data_reg[14] for parameter Tinp. Lowest table value = 0.004000, highest table value = 0.331200, value = 0.001030 (POW-046)
Warning: Power table extrapolation (extrapolation mode) for port Q on cell reg_data_reg[14] for parameter Tinp. Lowest table value = 0.004000, highest table value = 0.331200, value = 0.001011 (POW-046)
Warning: Power table extrapolation (extrapolation mode) for port CDN on cell reg_data_reg[13] for parameter Tinp. Lowest table value = 0.004000, highest table value = 0.331200, value = 0.000916 (POW-046)
Warning: Power table extrapolation (extrapolation mode) for port Q on cell reg_data_reg[13] for parameter Tinp. Lowest table value = 0.004000, highest table value = 0.331200, value = 0.000896 (POW-046)
Warning: Power table extrapolation (extrapolation mode) for port CDN on cell reg_data_reg[12] for parameter Tinp. Lowest table value = 0.004000, highest table value = 0.331200, value = 0.001183 (POW-046)
Warning: Power table extrapolation (extrapolation mode) for port Q on cell reg_data_reg[12] for parameter Tinp. Lowest table value = 0.004000, highest table value = 0.331200, value = 0.001163 (POW-046)
Warning: Power table extrapolation (extrapolation mode) for port CDN on cell reg_data_reg[11] for parameter Tinp. Lowest table value = 0.004000, highest table value = 0.331200, value = 0.001106 (POW-046)
Note - message 'POW-046' limit (10) exceeded. Remainder will be suppressed.

  Cell Internal Power    = 1.95e+04 nW ( 84.4%)
  Net Switching Power    = 3.61e+03 nW ( 15.6%)
Total Dynamic Power      = 2.31e+04 nW (100.0%)

Cell Leakage Power       = 5.65e+03 nW


  Attributes
  ----------
      u  -  User defined power group
      i  -  Includes clock pin internal power

Power Group         Internal Power        Switching Power          Leakage Power            Total Power    (   %  )    Attrs
-----------------------------------------------------------------------------------------------------------------------------
io_pad                    0.00e+00               0.00e+00               0.00e+00               0.00e+00    (  0.0%)         
memory                    0.00e+00               0.00e+00               0.00e+00               0.00e+00    (  0.0%)         
black_box                 0.00e+00               0.00e+00               0.00e+00               0.00e+00    (  0.0%)         
clock_network             1.59e+04               1.82e+03               2.15e+02               1.79e+04    ( 62.3%)        i
register                  2.15e+03               4.48e+02               3.77e+03               6.36e+03    ( 22.1%)         
sequential                0.00e+00               0.00e+00               0.00e+00               0.00e+00    (  0.0%)         
combinational             1.48e+03               1.34e+03               1.67e+03               4.49e+03    ( 15.6%)         
-----------------------------------------------------------------------------------------------------------------------------
Total                     1.95e+04 nW            3.61e+03 nW            5.65e+03 nW            2.88e+04 nW
Mode: mode1
Corner: cornerSS
Scenario: scenarioSS
Voltage: 1.08
Temperature: 125.00

Voltage Unit         : 1V
Capacitance Unit     : 1pF
Time Unit            : 1ns
Temperature Unit     : 1C
Dynamic Power Unit   : 1nW
Leakage Power Unit   : 1nW

Switched supply net power scaling:
scaling for leakage power

Supply nets:
VDD (power) probability 1.00 (default)
VSS (ground) probability 1.00 (default)

  Cell Internal Power    = 1.02e+04 nW ( 81.2%)
  Net Switching Power    = 2.37e+03 nW ( 18.8%)
Total Dynamic Power      = 1.26e+04 nW (100.0%)

Cell Leakage Power       = 6.27e+01 nW


  Attributes
  ----------
      u  -  User defined power group
      i  -  Includes clock pin internal power

Power Group         Internal Power        Switching Power          Leakage Power            Total Power    (   %  )    Attrs
-----------------------------------------------------------------------------------------------------------------------------
io_pad                    0.00e+00               0.00e+00               0.00e+00               0.00e+00    (  0.0%)         
memory                    0.00e+00               0.00e+00               0.00e+00               0.00e+00    (  0.0%)         
black_box                 0.00e+00               0.00e+00               0.00e+00               0.00e+00    (  0.0%)         
clock_network             8.13e+03               1.18e+03               2.73e+00               9.32e+03    ( 73.8%)        i
register                  1.21e+03               3.00e+02               4.16e+01               1.55e+03    ( 12.3%)         
sequential                0.00e+00               0.00e+00               0.00e+00               0.00e+00    (  0.0%)         
combinational             8.63e+02               8.81e+02               1.83e+01               1.76e+03    ( 13.9%)         
-----------------------------------------------------------------------------------------------------------------------------
Total                     1.02e+04 nW            2.37e+03 nW            6.27e+01 nW            1.26e+04 nW
1
