Information: Corner cornerFF: no PVT mismatches. (PVT-032)
Information: Corner cornerSS: no PVT mismatches. (PVT-032)
****************************************
Report : power
        -significant_digits 2
Design : top
Version: U-2022.12-SP6
Date   : Mon May 26 20:40:16 2025
****************************************
Information: Activity propagation will be performed for scenario scenarioFF.
Information: Doing activity propagation for mode 'mode1' and corner 'cornerFF' with effort level 'medium'. (POW-024)
Information: Timer-derived activity data is cached on scenario scenarioFF (POW-052)
Infomation: Fast mode activity propagation power.rtl_activity_annotation setup is ignored. Always use accurate mode.
Information: Running switching activity propagation in scalar mode!

 **** Information : No. of simulation cycles = 6 ****
Information: Propagated activity on scenario scenarioSS identical to that on scenarioFF (POW-006)
Information: The stitching and editing of coupling caps is turned OFF for design 'top_lib:top/auto_floorplan.design'. (TIM-125)
Information: Design Average RC for design top  (NEX-011)
Information: r = 0.842293 ohm/um, via_r = 1.815407 ohm/cut, c = 0.124757 ff/um, cc = 0.000000 ff/um (X dir) (NEX-017)
Information: r = 0.843585 ohm/um, via_r = 1.815407 ohm/cut, c = 0.143844 ff/um, cc = 0.000000 ff/um (Y dir) (NEX-017)
Information: The RC mode used is VR for design 'top'. (NEX-022)
Information: Update timing completed net estimation for all the timing graph nets (TIM-111)
Information: Net estimation statistics: timing graph nets = 381, routed nets = 0, across physical hierarchy nets = 0, parasitics cached nets = 381, delay annotated nets = 0, parasitics annotated nets = 0, multi-voltage nets = 0. (TIM-112)
************************************************************
Timer Settings:
Delay Calculation Style:                   auto
Signal Integrity Analysis:                 disabled
Timing Window Analysis:                    disabled
Advanced Waveform Propagation:             disabled
Variation Type:                            fixed_derate
Clock Reconvergence Pessimism Removal:     disabled
Advanced Receiver Model:                   disabled
ML Acceleration:                           off
************************************************************
Mode: mode1
Corner: cornerFF
Scenario: scenarioFF
Voltage: 1.32
Temperature: 125.00

Voltage Unit         : 1V
Capacitance Unit     : 1pF
Time Unit            : 1ns
Temperature Unit     : 1C
Dynamic Power Unit   : 1nW
Leakage Power Unit   : 1nW

Switched supply net power scaling:
scaling for leakage power

Supply nets:
VDD (power) probability 1.00 (default)
VSS (ground) probability 1.00 (default)
Warning: Power table extrapolation (extrapolation mode) for port E on cell counter_1/clock_gate_q_reg for parameter Tinp. Lowest table value = 0.004000, highest table value = 0.331200, value = 0.000038 (POW-046)
Warning: Power table extrapolation (extrapolation mode) for port ZN on cell counter_1/ctmi_423 for parameter Tinp. Lowest table value = 0.004000, highest table value = 0.331200, value = 0.335293 (POW-046)
Warning: Power table extrapolation (extrapolation mode) for port ZN on cell counter_1/phfnr_buf_37 for parameter Tinp. Lowest table value = 0.004000, highest table value = 0.331200, value = 0.000401 (POW-046)
Warning: Power table extrapolation (extrapolation mode) for port ZN on cell counter_2/phfnr_buf_39 for parameter Tinp. Lowest table value = 0.004000, highest table value = 0.331200, value = 0.000610 (POW-046)
Warning: Power table extrapolation (extrapolation mode) for port ZN on cell counter_2/ctmi_423 for parameter Tinp. Lowest table value = 0.004000, highest table value = 0.331200, value = 0.335293 (POW-046)
Warning: Power table extrapolation (extrapolation mode) for port ZN on cell counter_3/phfnr_buf_41 for parameter Tinp. Lowest table value = 0.004000, highest table value = 0.331200, value = 0.000648 (POW-046)
Warning: Power table extrapolation (extrapolation mode) for port ZN on cell counter_3/ctmi_423 for parameter Tinp. Lowest table value = 0.004000, highest table value = 0.331200, value = 0.335293 (POW-046)

  Cell Internal Power    = 2.48e+04 nW ( 74.6%)
  Net Switching Power    = 8.45e+03 nW ( 25.4%)
Total Dynamic Power      = 3.33e+04 nW (100.0%)

Cell Leakage Power       = 3.08e+04 nW


  Attributes
  ----------
      u  -  User defined power group
      i  -  Includes clock pin internal power

Power Group         Internal Power        Switching Power          Leakage Power            Total Power    (   %  )    Attrs
-----------------------------------------------------------------------------------------------------------------------------
io_pad                    0.00e+00               0.00e+00               0.00e+00               0.00e+00    (  0.0%)         
memory                    0.00e+00               0.00e+00               0.00e+00               0.00e+00    (  0.0%)         
black_box                 0.00e+00               0.00e+00               0.00e+00               0.00e+00    (  0.0%)         
clock_network             1.94e+04               2.99e+03               8.62e+02               2.33e+04    ( 36.3%)        i
register                  3.60e+03               1.72e+03               1.15e+04               1.68e+04    ( 26.2%)         
sequential                0.00e+00               0.00e+00               0.00e+00               0.00e+00    (  0.0%)         
combinational             1.82e+03               3.74e+03               1.85e+04               2.41e+04    ( 37.5%)         
-----------------------------------------------------------------------------------------------------------------------------
Total                     2.48e+04 nW            8.45e+03 nW            3.08e+04 nW            6.41e+04 nW
Mode: mode1
Corner: cornerSS
Scenario: scenarioSS
Voltage: 1.08
Temperature: 125.00

Voltage Unit         : 1V
Capacitance Unit     : 1pF
Time Unit            : 1ns
Temperature Unit     : 1C
Dynamic Power Unit   : 1nW
Leakage Power Unit   : 1nW

Switched supply net power scaling:
scaling for leakage power

Supply nets:
VDD (power) probability 1.00 (default)
VSS (ground) probability 1.00 (default)

  Cell Internal Power    = 1.27e+04 nW ( 69.6%)
  Net Switching Power    = 5.55e+03 nW ( 30.4%)
Total Dynamic Power      = 1.82e+04 nW (100.0%)

Cell Leakage Power       = 3.54e+02 nW


  Attributes
  ----------
      u  -  User defined power group
      i  -  Includes clock pin internal power

Power Group         Internal Power        Switching Power          Leakage Power            Total Power    (   %  )    Attrs
-----------------------------------------------------------------------------------------------------------------------------
io_pad                    0.00e+00               0.00e+00               0.00e+00               0.00e+00    (  0.0%)         
memory                    0.00e+00               0.00e+00               0.00e+00               0.00e+00    (  0.0%)         
black_box                 0.00e+00               0.00e+00               0.00e+00               0.00e+00    (  0.0%)         
clock_network             9.76e+03               2.00e+03               1.10e+01               1.18e+04    ( 63.3%)        i
register                  1.98e+03               1.10e+03               1.30e+02               3.21e+03    ( 17.3%)         
sequential                0.00e+00               0.00e+00               0.00e+00               0.00e+00    (  0.0%)         
combinational             9.52e+02               2.45e+03               2.14e+02               3.62e+03    ( 19.4%)         
-----------------------------------------------------------------------------------------------------------------------------
Total                     1.27e+04 nW            5.55e+03 nW            3.54e+02 nW            1.86e+04 nW
1
