Information: Corner cornerFF: no PVT mismatches. (PVT-032)
Information: Corner cornerSS: no PVT mismatches. (PVT-032)
****************************************
Report : power
        -significant_digits 2
Design : top
Version: U-2022.12-SP6
Date   : Mon May 26 00:00:00 2025
****************************************
Information: Activity propagation will be performed for scenario scenarioFF.
Information: Doing activity propagation for mode 'mode1' and corner 'cornerFF' with effort level 'medium'. (POW-024)
Information: Timer-derived activity data is cached on scenario scenarioFF (POW-052)
Infomation: Fast mode activity propagation power.rtl_activity_annotation setup is ignored. Always use accurate mode.
Information: Running switching activity propagation in scalar mode!

 **** Information : No. of simulation cycles = 6 ****
Information: Propagated activity on scenario scenarioSS identical to that on scenarioFF (POW-006)
Information: The stitching and editing of coupling caps is turned OFF for design 'top_lib:top/auto_floorplan.design'. (TIM-125)
Information: Design Average RC for design top  (NEX-011)
Information: r = 0.874038 ohm/um, via_r = 1.815407 ohm/cut, c = 0.140828 ff/um, cc = 0.000000 ff/um (X dir) (NEX-017)
Information: r = 0.868123 ohm/um, via_r = 1.815407 ohm/cut, c = 0.156234 ff/um, cc = 0.000000 ff/um (Y dir) (NEX-017)
Information: The RC mode used is VR for design 'top'. (NEX-022)
Information: Update timing completed net estimation for all the timing graph nets (TIM-111)
Information: Net estimation statistics: timing graph nets = 1455, routed nets = 0, across physical hierarchy nets = 0, parasitics cached nets = 1455, delay annotated nets = 0, parasitics annotated nets = 0, multi-voltage nets = 0. (TIM-112)
************************************************************
Timer Settings:
Delay Calculation Style:                   auto
Signal Integrity Analysis:                 disabled
Timing Window Analysis:                    disabled
Advanced Waveform Propagation:             disabled
Variation Type:                            fixed_derate
Clock Reconvergence Pessimism Removal:     disabled
Advanced Receiver Model:                   disabled
ML Acceleration:                           off
************************************************************
Mode: mode1
Corner: cornerFF
Scenario: scenarioFF
Voltage: 1.32
Temperature: 125.00

Voltage Unit         : 1V
Capacitance Unit     : 1pF
Time Unit            : 1ns
Temperature Unit     : 1C
Dynamic Power Unit   : 1nW
Leakage Power Unit   : 1nW

Switched supply net power scaling:
scaling for leakage power

Supply nets:
VDD (power) probability 1.00 (default)
VSS (ground) probability 1.00 (default)
Warning: Power table extrapolation (extrapolation mode) for port Z on cell register_1/ctmi_1118 for parameter Tinp. Lowest table value = 0.004000, highest table value = 0.331200, value = 0.001202 (POW-046)
Warning: Power table extrapolation (extrapolation mode) for port ZN on cell register_1/phfnr_buf_125 for parameter Tinp. Lowest table value = 0.004000, highest table value = 0.331200, value = 0.001259 (POW-046)
Warning: Power table extrapolation (extrapolation mode) for port ZN on cell register_1/phfnr_buf_128 for parameter Tinp. Lowest table value = 0.004000, highest table value = 0.331200, value = 0.347900 (POW-046)
Warning: Power table extrapolation (extrapolation mode) for port Z on cell register_1/ctmi_70 for parameter Tinp. Lowest table value = 0.004000, highest table value = 0.331200, value = 0.000706 (POW-046)
Warning: Power table extrapolation (extrapolation mode) for port Z on cell register_1/ctmi_70 for parameter Cout. Lowest table value = 0.000900, highest table value = 0.150800, value = 0.160144 (POW-046)
Warning: Power table extrapolation (extrapolation mode) for port ZN on cell register_1/ctmi_107 for parameter Tinp. Lowest table value = 0.004000, highest table value = 0.331200, value = 0.000458 (POW-046)
Warning: Power table extrapolation (extrapolation mode) for port ZN on cell register_1/ctmi_107 for parameter Cout. Lowest table value = 0.000900, highest table value = 0.150800, value = 0.182879 (POW-046)
Warning: Power table extrapolation (extrapolation mode) for port ZN on cell register_1/ctmi_526 for parameter Tinp. Lowest table value = 0.004000, highest table value = 0.331200, value = 0.349064 (POW-046)
Warning: Power table extrapolation (extrapolation mode) for port ZN on cell register_1/ctmi_931 for parameter Tinp. Lowest table value = 0.004000, highest table value = 0.331200, value = 0.000629 (POW-046)
Warning: Power table extrapolation (extrapolation mode) for port ZN on cell register_1/ctmi_528 for parameter Tinp. Lowest table value = 0.004000, highest table value = 0.331200, value = 0.347404 (POW-046)
Note - message 'POW-046' limit (10) exceeded. Remainder will be suppressed.

  Cell Internal Power    = 2.26e+05 nW ( 73.0%)
  Net Switching Power    = 8.35e+04 nW ( 27.0%)
Total Dynamic Power      = 3.10e+05 nW (100.0%)

Cell Leakage Power       = 1.29e+05 nW


  Attributes
  ----------
      u  -  User defined power group
      i  -  Includes clock pin internal power

Power Group         Internal Power        Switching Power          Leakage Power            Total Power    (   %  )    Attrs
-----------------------------------------------------------------------------------------------------------------------------
io_pad                    0.00e+00               0.00e+00               0.00e+00               0.00e+00    (  0.0%)         
memory                    0.00e+00               0.00e+00               0.00e+00               0.00e+00    (  0.0%)         
black_box                 0.00e+00               0.00e+00               0.00e+00               0.00e+00    (  0.0%)         
clock_network             1.69e+05               3.64e+04               6.45e+02               2.06e+05    ( 47.0%)        i
register                  2.67e+04               7.55e+03               4.56e+04               7.98e+04    ( 18.2%)         
sequential                0.00e+00               0.00e+00               0.00e+00               0.00e+00    (  0.0%)         
combinational             3.01e+04               3.96e+04               8.26e+04               1.52e+05    ( 34.8%)         
-----------------------------------------------------------------------------------------------------------------------------
Total                     2.26e+05 nW            8.35e+04 nW            1.29e+05 nW            4.38e+05 nW
Mode: mode1
Corner: cornerSS
Scenario: scenarioSS
Voltage: 1.08
Temperature: 125.00

Voltage Unit         : 1V
Capacitance Unit     : 1pF
Time Unit            : 1ns
Temperature Unit     : 1C
Dynamic Power Unit   : 1nW
Leakage Power Unit   : 1nW

Switched supply net power scaling:
scaling for leakage power

Supply nets:
VDD (power) probability 1.00 (default)
VSS (ground) probability 1.00 (default)

  Cell Internal Power    = 1.15e+05 nW ( 67.4%)
  Net Switching Power    = 5.57e+04 nW ( 32.6%)
Total Dynamic Power      = 1.71e+05 nW (100.0%)

Cell Leakage Power       = 1.57e+03 nW


  Attributes
  ----------
      u  -  User defined power group
      i  -  Includes clock pin internal power

Power Group         Internal Power        Switching Power          Leakage Power            Total Power    (   %  )    Attrs
-----------------------------------------------------------------------------------------------------------------------------
io_pad                    0.00e+00               0.00e+00               0.00e+00               0.00e+00    (  0.0%)         
memory                    0.00e+00               0.00e+00               0.00e+00               0.00e+00    (  0.0%)         
black_box                 0.00e+00               0.00e+00               0.00e+00               0.00e+00    (  0.0%)         
clock_network             8.76e+04               2.45e+04               8.20e+00               1.12e+05    ( 65.0%)        i
register                  1.44e+04               4.86e+03               5.03e+02               1.98e+04    ( 11.5%)         
sequential                0.00e+00               0.00e+00               0.00e+00               0.00e+00    (  0.0%)         
combinational             1.31e+04               2.63e+04               1.05e+03               4.05e+04    ( 23.5%)         
-----------------------------------------------------------------------------------------------------------------------------
Total                     1.15e+05 nW            5.57e+04 nW            1.57e+03 nW            1.72e+05 nW
1
