Information: Deserialized np data
INFO: timer data loaded from /tmp/top_3236466_602650880.timdat
Information: Freeing timing information from routing. (ZRT-574)
****************************************
Report : power
        -significant_digits 2
Design : top
Version: U-2022.12-SP6
Date   : Sun May 25 01:44:03 2025
****************************************
Information: Activity propagation will be performed for scenario scenarioFF.
Information: Doing activity propagation for mode 'mode1' and corner 'cornerFF' with effort level 'medium'. (POW-024)
Information: Timer-derived activity data is cached on scenario scenarioFF (POW-052)
Infomation: Fast mode activity propagation power.rtl_activity_annotation setup is ignored. Always use accurate mode.
Information: Running switching activity propagation in scalar mode!

 **** Information : No. of simulation cycles = 7 ****
Information: Propagated activity on scenario scenarioSS identical to that on scenarioFF (POW-006)
Information: The RC mode used is DR for design 'top'. (NEX-022)
Extracting design: top 
NEX: virtual shield is applied in extraction.
Information: coupling capacitance is lumped to ground. (NEX-030)
Information: 968 nets are successfully extracted. (NEX-028)
Information: Update timing completed net estimation for all the timing graph nets (TIM-111)
Mode: mode1
Corner: cornerFF
Scenario: scenarioFF
Voltage: 1.32
Temperature: 125.00

Voltage Unit         : 1V
Capacitance Unit     : 1pF
Time Unit            : 1ns
Temperature Unit     : 1C
Dynamic Power Unit   : 1nW
Leakage Power Unit   : 1nW

Switched supply net power scaling:
scaling for leakage power

Supply nets:
VDD (power) probability 1.00 (default)
VSS (ground) probability 1.00 (default)
Warning: Power table extrapolation (extrapolation mode) for port CDN on cell p2_reg[9] for parameter Tinp. Lowest table value = 0.004000, highest table value = 0.331200, value = 0.003967 (POW-046)
Warning: Power table extrapolation (extrapolation mode) for port Q on cell p2_reg[9] for parameter Tinp. Lowest table value = 0.004000, highest table value = 0.331200, value = 0.003967 (POW-046)
Warning: Power table extrapolation (extrapolation mode) for port ZN on cell phfnr_buf_342 for parameter Tinp. Lowest table value = 0.004000, highest table value = 0.331200, value = 0.000401 (POW-046)
Warning: Power table extrapolation (extrapolation mode) for port ZN on cell phfnr_buf_343 for parameter Tinp. Lowest table value = 0.004000, highest table value = 0.331200, value = 0.001373 (POW-046)
Warning: Power table extrapolation (extrapolation mode) for port ZN on cell ctmi_116 for parameter Tinp. Lowest table value = 0.004000, highest table value = 0.331200, value = 0.000305 (POW-046)
Warning: Power table extrapolation (extrapolation mode) for port Z on cell ctmi_118 for parameter Tinp. Lowest table value = 0.004000, highest table value = 0.331200, value = 0.000210 (POW-046)
Warning: Power table extrapolation (extrapolation mode) for port ZN on cell ctmi_2373 for parameter Tinp. Lowest table value = 0.004000, highest table value = 0.331200, value = 0.001392 (POW-046)
Warning: Power table extrapolation (extrapolation mode) for port ZN on cell ctmi_2565 for parameter Tinp. Lowest table value = 0.004000, highest table value = 0.331200, value = 0.000515 (POW-046)
Warning: Power table extrapolation (extrapolation mode) for port Z on cell place_optctmTdsLR_2_3416_roptpi_3419 for parameter Tinp. Lowest table value = 0.004000, highest table value = 0.331200, value = 0.001183 (POW-046)
Warning: Power table extrapolation (extrapolation mode) for port Z on cell ctmi_2566 for parameter Tinp. Lowest table value = 0.004000, highest table value = 0.331200, value = 0.000725 (POW-046)
Note - message 'POW-046' limit (10) exceeded. Remainder will be suppressed.

  Cell Internal Power    = 1.33e+05 nW ( 68.9%)
  Net Switching Power    = 6.02e+04 nW ( 31.1%)
Total Dynamic Power      = 1.93e+05 nW (100.0%)

Cell Leakage Power       = 8.15e+04 nW


  Attributes
  ----------
      u  -  User defined power group
      i  -  Includes clock pin internal power

Power Group         Internal Power        Switching Power          Leakage Power            Total Power    (   %  )    Attrs
-----------------------------------------------------------------------------------------------------------------------------
io_pad                    0.00e+00               0.00e+00               0.00e+00               0.00e+00    (  0.0%)         
memory                    0.00e+00               0.00e+00               0.00e+00               0.00e+00    (  0.0%)         
black_box                 0.00e+00               0.00e+00               2.17e+01               2.17e+01    (  0.0%)         
clock_network             1.04e+05               2.73e+04               1.32e+03               1.33e+05    ( 48.4%)        i
register                  1.31e+04               5.63e+03               2.92e+04               4.79e+04    ( 17.4%)         
sequential                0.00e+00               0.00e+00               0.00e+00               0.00e+00    (  0.0%)         
combinational             1.56e+04               2.73e+04               5.09e+04               9.38e+04    ( 34.1%)         
-----------------------------------------------------------------------------------------------------------------------------
Total                     1.33e+05 nW            6.02e+04 nW            8.15e+04 nW            2.75e+05 nW
Mode: mode1
Corner: cornerSS
Scenario: scenarioSS
Voltage: 1.08
Temperature: 125.00

Voltage Unit         : 1V
Capacitance Unit     : 1pF
Time Unit            : 1ns
Temperature Unit     : 1C
Dynamic Power Unit   : 1nW
Leakage Power Unit   : 1nW

Switched supply net power scaling:
scaling for leakage power

Supply nets:
VDD (power) probability 1.00 (default)
VSS (ground) probability 1.00 (default)

  Cell Internal Power    = 7.56e+04 nW ( 64.9%)
  Net Switching Power    = 4.08e+04 nW ( 35.1%)
Total Dynamic Power      = 1.16e+05 nW (100.0%)

Cell Leakage Power       = 9.01e+02 nW


  Attributes
  ----------
      u  -  User defined power group
      i  -  Includes clock pin internal power

Power Group         Internal Power        Switching Power          Leakage Power            Total Power    (   %  )    Attrs
-----------------------------------------------------------------------------------------------------------------------------
io_pad                    0.00e+00               0.00e+00               0.00e+00               0.00e+00    (  0.0%)         
memory                    0.00e+00               0.00e+00               0.00e+00               0.00e+00    (  0.0%)         
black_box                 0.00e+00               0.00e+00               1.22e+00               1.22e+00    (  0.0%)         
clock_network             5.97e+04               1.87e+04               1.80e+01               7.84e+04    ( 66.8%)        i
register                  7.54e+03               3.77e+03               3.30e+02               1.16e+04    (  9.9%)         
sequential                0.00e+00               0.00e+00               0.00e+00               0.00e+00    (  0.0%)         
combinational             8.35e+03               1.84e+04               5.52e+02               2.73e+04    ( 23.3%)         
-----------------------------------------------------------------------------------------------------------------------------
Total                     7.56e+04 nW            4.08e+04 nW            9.01e+02 nW            1.17e+05 nW
1
