Information: Corner cornerFF: no PVT mismatches. (PVT-032)
Information: Corner cornerSS: no PVT mismatches. (PVT-032)
****************************************
Report : power
        -significant_digits 2
Design : top
Version: U-2022.12-SP6
Date   : Wed May 28 18:27:47 2025
****************************************
Information: Activity propagation will be performed for scenario scenarioSS.
Information: Doing activity propagation for mode 'mode1' and corner 'cornerSS' with effort level 'medium'. (POW-024)
Information: Timer-derived activity data is cached on scenario scenarioSS (POW-052)
Infomation: Fast mode activity propagation power.rtl_activity_annotation setup is ignored. Always use accurate mode.
Information: Running switching activity propagation in scalar mode!

 **** Information : No. of simulation cycles = 7 ****
Information: Propagated activity on scenario scenarioFF identical to that on scenarioSS (POW-006)
Information: The stitching and editing of coupling caps is turned OFF for design 'top_lib:top/auto_floorplan.design'. (TIM-125)
Information: Design Average RC for design top  (NEX-011)
Information: r = 0.842293 ohm/um, via_r = 1.815407 ohm/cut, c = 0.126495 ff/um, cc = 0.000000 ff/um (X dir) (NEX-017)
Information: r = 0.854487 ohm/um, via_r = 1.815407 ohm/cut, c = 0.147826 ff/um, cc = 0.000000 ff/um (Y dir) (NEX-017)
Information: The RC mode used is VR for design 'top'. (NEX-022)
Information: Update timing completed net estimation for all the timing graph nets (TIM-111)
Information: Net estimation statistics: timing graph nets = 354, routed nets = 0, across physical hierarchy nets = 0, parasitics cached nets = 354, delay annotated nets = 0, parasitics annotated nets = 0, multi-voltage nets = 0. (TIM-112)
************************************************************
Timer Settings:
Delay Calculation Style:                   auto
Signal Integrity Analysis:                 disabled
Timing Window Analysis:                    disabled
Advanced Waveform Propagation:             disabled
Variation Type:                            fixed_derate
Clock Reconvergence Pessimism Removal:     disabled
Advanced Receiver Model:                   disabled
ML Acceleration:                           off
************************************************************
Mode: mode1
Corner: cornerFF
Scenario: scenarioFF
Voltage: 1.32
Temperature: 125.00

Voltage Unit         : 1V
Capacitance Unit     : 1pF
Time Unit            : 1ns
Temperature Unit     : 1C
Dynamic Power Unit   : 1nW
Leakage Power Unit   : 1nW

Switched supply net power scaling:
scaling for leakage power

Supply nets:
VDD (power) probability 1.00 (default)
VSS (ground) probability 1.00 (default)
Warning: Power table extrapolation (extrapolation mode) for port CDN on cell counter_and_parity/busy_reg for parameter Tinp. Lowest table value = 0.004000, highest table value = 0.331200, value = 1.317101 (POW-046)
Warning: Power table extrapolation (extrapolation mode) for port Q on cell counter_and_parity/busy_reg for parameter Tinp. Lowest table value = 0.004000, highest table value = 0.331200, value = 0.903969 (POW-046)
Warning: Power table extrapolation (extrapolation mode) for port CDN on cell syndrome_inst/corrected_counter_reg[15] for parameter Tinp. Lowest table value = 0.004000, highest table value = 0.331200, value = 1.320019 (POW-046)
Warning: Power table extrapolation (extrapolation mode) for port CDN on cell counter_and_parity/count_neg_reg[14] for parameter Tinp. Lowest table value = 0.004000, highest table value = 0.331200, value = 1.318951 (POW-046)
Warning: Fall toggles on pin counter_and_parity/count_neg_reg[14]/QN are impossible given input states; converted to rise toggles. (POW-069)
Warning: Power table extrapolation (extrapolation mode) for port QN on cell counter_and_parity/count_neg_reg[14] for parameter Tinp. Lowest table value = 0.004000, highest table value = 0.331200, value = 0.905228 (POW-046)
Warning: Power table extrapolation (extrapolation mode) for port QN on cell counter_and_parity/count_neg_reg[14] for parameter Cout. Lowest table value = 0.000600, highest table value = 0.037700, value = 0.000000 (POW-046)
Warning: Power table extrapolation (extrapolation mode) for port CDN on cell counter_and_parity/count_neg_reg[13] for parameter Tinp. Lowest table value = 0.004000, highest table value = 0.331200, value = 1.318951 (POW-046)
Warning: Fall toggles on pin counter_and_parity/count_neg_reg[13]/QN are impossible given input states; converted to rise toggles. (POW-069)
Warning: Power table extrapolation (extrapolation mode) for port QN on cell counter_and_parity/count_neg_reg[13] for parameter Tinp. Lowest table value = 0.004000, highest table value = 0.331200, value = 0.905228 (POW-046)
Warning: Power table extrapolation (extrapolation mode) for port QN on cell counter_and_parity/count_neg_reg[13] for parameter Cout. Lowest table value = 0.000600, highest table value = 0.037700, value = 0.000000 (POW-046)
Warning: Power table extrapolation (extrapolation mode) for port CDN on cell counter_and_parity/count_neg_reg[12] for parameter Tinp. Lowest table value = 0.004000, highest table value = 0.331200, value = 1.318951 (POW-046)
Warning: Fall toggles on pin counter_and_parity/count_neg_reg[12]/QN are impossible given input states; converted to rise toggles. (POW-069)
Note - message 'POW-046' limit (10) exceeded. Remainder will be suppressed.
Warning: Fall toggles on pin counter_and_parity/count_neg_reg[11]/QN are impossible given input states; converted to rise toggles. (POW-069)
Warning: Fall toggles on pin counter_and_parity/count_neg_reg[10]/QN are impossible given input states; converted to rise toggles. (POW-069)
Warning: Fall toggles on pin counter_and_parity/count_reg_reg[13]/QN are impossible given input states; converted to rise toggles. (POW-069)
Warning: Fall toggles on pin counter_and_parity/count_reg_reg[12]/QN are impossible given input states; converted to rise toggles. (POW-069)
Warning: Fall toggles on pin counter_and_parity/count_reg_reg[11]/QN are impossible given input states; converted to rise toggles. (POW-069)
Warning: Fall toggles on pin syndrome_inst/syndrome_reg[11]/QN are impossible given input states; converted to rise toggles. (POW-069)
Warning: Fall toggles on pin syndrome_inst/syndrome_reg[9]/QN are impossible given input states; converted to rise toggles. (POW-069)
Note - message 'POW-069' limit (10) exceeded. Remainder will be suppressed.

  Cell Internal Power    = 9.20e+04 nW ( 92.1%)
  Net Switching Power    = 7.87e+03 nW (  7.9%)
Total Dynamic Power      = 9.99e+04 nW (100.0%)

Cell Leakage Power       = 4.32e+04 nW


  Attributes
  ----------
      u  -  User defined power group
      i  -  Includes clock pin internal power

Power Group         Internal Power        Switching Power          Leakage Power            Total Power    (   %  )    Attrs
-----------------------------------------------------------------------------------------------------------------------------
io_pad                    0.00e+00               0.00e+00               0.00e+00               0.00e+00    (  0.0%)         
memory                    0.00e+00               0.00e+00               0.00e+00               0.00e+00    (  0.0%)         
black_box                 0.00e+00               0.00e+00               0.00e+00               0.00e+00    (  0.0%)         
clock_network             8.36e+04               1.68e+03               1.06e+03               8.64e+04    ( 60.4%)        i
register                  4.95e+03               1.44e+03               2.25e+04               2.89e+04    ( 20.2%)         
sequential                7.87e+02               7.33e+01               2.17e+03               3.03e+03    (  2.1%)         
combinational             2.59e+03               4.69e+03               1.74e+04               2.47e+04    ( 17.3%)         
-----------------------------------------------------------------------------------------------------------------------------
Total                     9.20e+04 nW            7.87e+03 nW            4.32e+04 nW            1.43e+05 nW
Mode: mode1
Corner: cornerSS
Scenario: scenarioSS
Voltage: 1.08
Temperature: 125.00

Voltage Unit         : 1V
Capacitance Unit     : 1pF
Time Unit            : 1ns
Temperature Unit     : 1C
Dynamic Power Unit   : 1nW
Leakage Power Unit   : 1nW

Switched supply net power scaling:
scaling for leakage power

Supply nets:
VDD (power) probability 1.00 (default)
VSS (ground) probability 1.00 (default)

  Cell Internal Power    = 4.71e+04 nW ( 90.0%)
  Net Switching Power    = 5.22e+03 nW ( 10.0%)
Total Dynamic Power      = 5.23e+04 nW (100.0%)

Cell Leakage Power       = 4.89e+02 nW


  Attributes
  ----------
      u  -  User defined power group
      i  -  Includes clock pin internal power

Power Group         Internal Power        Switching Power          Leakage Power            Total Power    (   %  )    Attrs
-----------------------------------------------------------------------------------------------------------------------------
io_pad                    0.00e+00               0.00e+00               0.00e+00               0.00e+00    (  0.0%)         
memory                    0.00e+00               0.00e+00               0.00e+00               0.00e+00    (  0.0%)         
black_box                 0.00e+00               0.00e+00               0.00e+00               0.00e+00    (  0.0%)         
clock_network             4.26e+04               1.13e+03               1.35e+01               4.38e+04    ( 82.8%)        i
register                  2.64e+03               9.44e+02               2.57e+02               3.84e+03    (  7.3%)         
sequential                4.03e+02               4.74e+01               2.57e+01               4.76e+02    (  0.9%)         
combinational             1.45e+03               3.11e+03               1.93e+02               4.75e+03    (  9.0%)         
-----------------------------------------------------------------------------------------------------------------------------
Total                     4.71e+04 nW            5.22e+03 nW            4.89e+02 nW            5.28e+04 nW
1
