****************************************
Report : qor
Design : top
Version: U-2022.12-SP6
Date   : Thu May 29 21:32:39 2025
****************************************


Scenario           'scenarioFF'
Timing Path Group  '**in2reg_default**'
----------------------------------------
Worst Hold Violation:              0.00
Total Hold Violation:              0.00
No. of Hold Violations:               0
----------------------------------------

Scenario           'scenarioFF'
Timing Path Group  '**reg2out_default**'
----------------------------------------
Worst Hold Violation:              0.00
Total Hold Violation:              0.00
No. of Hold Violations:               0
----------------------------------------

Scenario           'scenarioFF'
Timing Path Group  'SYS_CLK'
----------------------------------------
Worst Hold Violation:              0.00
Total Hold Violation:              0.00
No. of Hold Violations:               0
----------------------------------------

Scenario           'scenarioSS'
Timing Path Group  '**in2reg_default**'
----------------------------------------
Levels of Logic:                      1
Critical Path Length:              6.04
Critical Path Slack:               0.99
Critical Path Clk Period:         10.00
Total Negative Slack:              0.00
No. of Violating Paths:               0
----------------------------------------

Scenario           'scenarioSS'
Timing Path Group  '**reg2out_default**'
----------------------------------------
Levels of Logic:                      0
Critical Path Length:              0.53
Critical Path Slack:               8.17
Critical Path Clk Period:         10.00
Total Negative Slack:              0.00
No. of Violating Paths:               0
----------------------------------------

Scenario           'scenarioSS'
Timing Path Group  'SYS_CLK'
----------------------------------------
Levels of Logic:                     55
Critical Path Length:              7.05
Critical Path Slack:               2.56
Critical Path Clk Period:         10.00
Total Negative Slack:              0.00
No. of Violating Paths:               0
----------------------------------------


Cell Count
----------------------------------------
Hierarchical Cell Count:              3
Hierarchical Port Count:           1271
Leaf Cell Count:                   2432
Buf/Inv Cell Count:                  11
Buf Cell Count:                       0
Inv Cell Count:                      11
Combinational Cell Count:          1753
   Single-bit Isolation Cell Count:                        0
   Multi-bit Isolation Cell Count:                         0
   Isolation Cell Banking Ratio:                           0.00%
   Single-bit Level Shifter Cell Count:                    0
   Multi-bit Level Shifter Cell Count:                     0
   Level Shifter Cell Banking Ratio:                       0.00%
   Single-bit ELS Cell Count:                              0
   Multi-bit ELS Cell Count:                               0
   ELS Cell Banking Ratio:                                 0.00%
Sequential Cell Count:              679
   Integrated Clock-Gating Cell Count:                     5
   Sequential Macro Cell Count:                            0
   Single-bit Sequential Cell Count:                       674
   Multi-bit Sequential Cell Count:                        0
   Sequential Cell Banking Ratio:                          0.00%
   BitsPerflop:                                            1.00
Macro Count:                          0
----------------------------------------


Area
----------------------------------------
Combinational Area:             5224.80
Noncombinational Area:          7313.20
Buf/Inv Area:                     13.20
Total Buffer Area:                 0.00
Total Inverter Area:              13.20
Macro/Black Box Area:              0.00
Net Area:                             0
Net XLength:                   25796.62
Net YLength:                   27260.17
----------------------------------------
Cell Area (netlist):                          12538.00
Cell Area (netlist and physical only):        12538.00
Net Length:                    53056.79


Design Rules
----------------------------------------
Total Number of Nets:              2503
Nets with Violations:                 8
Max Trans Violations:                 8
Max Cap Violations:                   7
----------------------------------------

1
